---
source: src/search/search_executor/mod.rs
description: "seminar room, should be preferred over other rooms"
expression: actual
info: "'1116' should get '5111.01.116' in 1 results # seminar room, should be preferred over other rooms"
---
- facet: rooms
  entries:
    - id: 5111.01.116
      type: room
      name: 5111.01.116 (Seminarraum)
      subtext: "garching, Siedlungswasserwirtschaft"
      subtext_bold: 1116@5111
      parsed_id: "\u00191116\u0017 Siedlungswasserwirtschaft"
    - id: 0401.01.116
      type: room
      name: 0401.01.116 (Büro)
      subtext: "stammgelände, Richard-Wagner-Str. 18 (SW1)"
      subtext_bold: 1116@0401
      parsed_id: "\u00191116\u0017 Richard…. 18 (SW1)"
    - id: 5111.U1.116
      type: room
      name: 5111.U1.116 (Glas u. brennbare Stoffe)
      subtext: "garching, Siedlungswasserwirtschaft"
      subtext_bold: "-1116@5111"
    - id: 5401.EG.116A
      type: room
      name: 5401.EG.116A (Heizraum)
      subtext: "garching, Chemie"
      subtext_bold: 11160@5401
      parsed_id: "CH \u00191116\u00170"
    - id: 5401.EG.116B
      type: room
      name: 5401.EG.116B (Flur)
      subtext: "garching, Chemie"
      subtext_bold: 11165@5401
      parsed_id: "CH \u00191116\u00175"
    - id: 5401.EG.116C
      type: room
      name: 5401.EG.116C (Flur)
      subtext: "garching, Chemie"
      subtext_bold: 11166@5401
      parsed_id: "CH \u00191116\u00176"
    - id: 2332.EG.224
      type: room
      name: "2332.EG.224 ((32.\u00191\u0017.\u0019116\u0017) Sekretariat)"
      subtext: "campus-im-olympiapark-sz, CiO/SG Institute Ost"
      subtext_bold: 00.2332.224@2332
    - id: 5701.01.016
      type: room
      name: 5701.01.016 (Oberassistent)
      subtext: "garching, MIBE"
      subtext_bold: 1.116@5701
  n_visible: 8
  estimatedTotalHits: "[estimatedTotalHits]"
- facet: sites_buildings
  entries: []
  n_visible: 0
  estimatedTotalHits: "[estimatedTotalHits]"
