---
source: src/search/search_executor/mod.rs
description: ""
expression: actual
info: "'C.3202' should get '5140.01.202' in 1 results"
---
- facet: rooms
  entries:
    - id: 5140.01.202
      type: room
      name: 5140.01.202 (Tutorraum)
      subtext: "garching, Physik I Container"
      subtext_bold: C.3202@5140
      parsed_id: "\u0019C.3202\u0017 Physik I Container"
    - id: 1551.01.051
      type: room
      name: "1551.01.051 (Hörsaal \u0019C\u0017)"
      subtext: "mri, A1-Hörsäle, Mensa (Bau 551)"
      subtext_bold: 51.1.51@1551
    - id: 1551.EG.051
      type: room
      name: "1551.EG.051 (Hörsaal \u0019C\u0017)"
      subtext: "mri, A1-Hörsäle, Mensa (Bau 551)"
      subtext_bold: 51.0.51@1551
    - id: 1910.EG.050C
      type: room
      name: 1910.EG.050C (Hörsaal)
      subtext: "campus-heilbronn, Bildungscampus C, Weipertstr. 8-10"
      subtext_bold: C.0.50@1910
    - id: 5140.01.201
      type: room
      name: 5140.01.201 (Tutorraum)
      subtext: "garching, Physik I Container"
      subtext_bold: C.3201@5140
  n_visible: 5
  estimatedTotalHits: 297
- facet: sites_buildings
  entries:
    - id: "2940"
      type: building
      name: "Campus \u0019C\u0017, Georg-Brauchle-Ring 56/58"
      subtext: Gebäudeteil
    - id: "2911"
      type: building
      name: "Richard-Wagner-Str. 3 / Haus \u0019C\u0017, TUM Sprachenzentrum"
      subtext: Gebäude
    - id: "1910"
      type: building
      name: "Bildungscampus \u0019C\u0017, Weipertstr. 8-10"
      subtext: Gebäude
    - id: 1555c
      type: building
      name: "Bau 555 Gebäudeteil \u0019C\u0017"
      subtext: Gebäudeteil
    - id: "9376"
      type: building
      name: "Airbus Standort 76.\u0019C\u0017"
      subtext: Gebäude
  n_visible: 0
  estimatedTotalHits: 5
