---
source: server/src/search_executor/mod.rs
description: "Note: It is not really in Arcisstr., just close"
expression: actual
info: "'Studitum Arcisstr' should get '0201' in 1 results # Note: It is not really in Arcisstr., just close"
---
- facet: buildings
  entries:
    - kind: location
      id: "4113"
      type: building
      name: "\u0019StudiTUM\u0017 Weihenstephan"
      subtext: Gebäude
    - kind: location
      id: "5532"
      type: building
      name: "\u0019StudiTUM\u0017 Garching"
      subtext: Gebäude
    - kind: location
      id: "0201"
      type: building
      name: "Gabelsbergerstr. 43, \u0019StudiTUM\u0017"
      subtext: Gebäude
    - kind: location
      id: "2535"
      type: building
      name: "\u0019StudiTUM\u0017 am TUM-Klinikum"
      subtext: Gebäude
  n_visible: 4
  estimatedTotalHits: "[estimatedTotalHits]"
- facet: rooms
  entries:
    - kind: location
      id: 4113.01.105
      type: room
      name: 4113.01.105 (Hörsaal 4 (WZWH04))
      subtext: "weihenstephan, StudiTUM"
      subtext_bold: O1 5@4113
    - kind: location
      id: 2535.01.001
      type: room
      name: 2535.01.001 (Studentischer Arbeitsraum)
      subtext: "mri, StudiTUM"
      subtext_bold: 35.1.1@2535
    - kind: location
      id: 2535.01.002
      type: room
      name: 2535.01.002 (Studentischer Arbeitsraum)
      subtext: "mri, StudiTUM"
      subtext_bold: 35.1.2@2535
    - kind: location
      id: 2535.01.003
      type: room
      name: 2535.01.003 (Studentischer Arbeitsraum)
      subtext: "mri, StudiTUM"
      subtext_bold: 35.1.3@2535
    - kind: location
      id: 2535.02.001
      type: room
      name: 2535.02.001 (Studentischer Arbeitsraum)
      subtext: "mri, StudiTUM"
      subtext_bold: 35.2.1@2535
    - kind: location
      id: 2535.02.002
      type: room
      name: 2535.02.002 (Studentischer Arbeitsraum)
      subtext: "mri, StudiTUM"
      subtext_bold: 35.2.2@2535
  n_visible: 6
  estimatedTotalHits: "[estimatedTotalHits]"
- facet: sites
  entries: []
  n_visible: 0
  estimatedTotalHits: "[estimatedTotalHits]"
- facet: pois
  entries: []
  n_visible: 0
  estimatedTotalHits: "[estimatedTotalHits]"
