---
source: src/search_executor/mod.rs
description: "seminar room, should be preferred over other rooms"
expression: actual
info: "'1116' should get '5111.01.116' in 1 results # seminar room, should be preferred over other rooms"
snapshot_kind: text
---
- facet: rooms
  entries:
    - id: 5111.01.116
      type: room
      name: 5111.01.116 (Seminarraum)
      subtext: "garching, Siedlungswasserwirtschaft"
      subtext_bold: 1116@5111
      parsed_id: "\u00191116\u0017 Siedlungswasserwirtschaft"
    - id: 0401.01.116
      type: room
      name: 0401.01.116 (Büro)
      subtext: "stammgelände, Richard-Wagner-Str. 18 (SW1)"
      subtext_bold: 1116@0401
      parsed_id: "\u00191116\u0017 Richard…. 18 (SW1)"
    - id: 0205.01.116
      type: room
      name: 0205.01.116 (Lager)
      subtext: "stammgelände, Arcisstr. 19 (S5)"
      subtext_bold: 1116@0205
      parsed_id: "\u00191116\u0017 Arcisstr. 19 (S5)"
    - id: 5111.U1.116
      type: room
      name: 5111.U1.116 (Glas u. brennbare Stoffe)
      subtext: "garching, Siedlungswasserwirtschaft"
      subtext_bold: "-1116@5111"
    - id: 5401.EG.116A
      type: room
      name: 5401.EG.116A (Heizraum)
      subtext: "garching, Chemie"
      subtext_bold: 11160@5401
      parsed_id: "CH \u00191116\u00170"
    - id: 5401.EG.116B
      type: room
      name: 5401.EG.116B (Flur)
      subtext: "garching, Chemie"
      subtext_bold: 11165@5401
      parsed_id: "CH \u00191116\u00175"
    - id: 5401.EG.116C
      type: room
      name: 5401.EG.116C (Flur)
      subtext: "garching, Chemie"
      subtext_bold: 11166@5401
      parsed_id: "CH \u00191116\u00176"
    - id: 4124.01.116
      type: room
      name: 4124.01.116 (Molekularbiologie Labor)
      subtext: "weihenstephan, ZIEL II – Molekulare Biowissenschaften"
      subtext_bold: 01/1.16@4124
    - id: 0101.01.116
      type: room
      name: 0101.01.116 (Drucker)
      subtext: "stammgelände, U-Trakt (N1)"
      subtext_bold: N1116@0101
    - id: 2315.01.116
      type: room
      name: 2315.01.116 (Biochemisches Labor)
      subtext: "campus-im-olympiapark-sz, Präventionszentrum"
      subtext_bold: 15116@2315
  n_visible: 10
  estimatedTotalHits: "[estimatedTotalHits]"
- facet: sites_buildings
  entries: []
  n_visible: 0
  estimatedTotalHits: "[estimatedTotalHits]"
