---
source: src/search_executor/mod.rs
description: "old name before the NS renamings was 'MW 0001, Gustav-Niemann-Hörsaal', changed in Q1 24"
expression: actual
info: "'mw g niemann' should get '5510.EG.001' in 1 results # old name before the NS renamings was 'MW 0001, Gustav-Niemann-Hörsaal', changed in Q1 24"
---
- facet: sites_buildings
  entries:
    - id: mw
      type: joined_building
      name: "Maschinenwesen (\u0019MW\u0017)"
      subtext: Gebäudekomplex
    - id: "5506"
      type: building
      name: "Gebäudeteil 6, Institut für Luft- und Raumfahrt"
      subtext: Gebäudeteil
    - id: "5501"
      type: building
      name: "Gebäudeteil 1, Institut für Mechatronik"
      subtext: Gebäudeteil
    - id: "5502"
      type: building
      name: "Gebäudeteil 2, Institut für Werkstoffe und Verarbeitung"
      subtext: Gebäudeteil
    - id: "5504"
      type: building
      name: "Gebäudeteil 4, Institut für Verfahrenstechnik"
      subtext: Gebäudeteil
  n_visible: 5
  estimatedTotalHits: "[estimatedTotalHits]"
- facet: rooms
  entries:
    - id: 5510.02.001
      type: room
      name: "5510.02.001 (\u0019MW\u0017 2001 Rudolf-Diesel-Hörsaal)"
      subtext: "garching, Maschinenwesen (MW)"
      subtext_bold: 2001@5510
    - id: 5502.01.250
      type: room
      name: 5502.01.250 (Hörsaal)
      subtext: "garching, Maschinenwesen (MW)"
      subtext_bold: 1250@5502
    - id: 5502.EG.250
      type: room
      name: 5502.EG.250 (Hörsaal)
      subtext: "garching, Maschinenwesen (MW)"
      subtext_bold: 0250@5502
    - id: 5503.EG.350
      type: room
      name: 5503.EG.350 (Egbert-von-Hoyer-Hörsaal)
      subtext: "garching, Maschinenwesen (MW)"
      subtext_bold: 0350@5503
    - id: 5506.EG.608M
      type: room
      name: 5506.EG.608M (Otto-Lilienthal-Hörsaal)
      subtext: "garching, Maschinenwesen (MW)"
      subtext_bold: 0608M@5506
  n_visible: 5
  estimatedTotalHits: "[estimatedTotalHits]"
