---
source: server/src/search_executor/mod.rs
description: ""
expression: actual
info: "'wzw' should get 'wzw' in 1 results"
---
- facet: sites
  entries:
    - id: wzw
      type: campus
      name: Campus Weihenstephan (Freising)
      subtext: Campus
    - id: wzw-extern
      type: area
      name: School of of Life Sciences Außenstellen
      subtext: Gebiet / Gruppe von Gebäuden
    - id: wzw-berg
      type: area
      name: Gebiet 4100 Berg
      subtext: Gebiet / Gruppe von Gebäuden
    - id: wzw-mitte
      type: area
      name: Gebiet 4200 Mitte
      subtext: Gebiet / Gruppe von Gebäuden
    - id: wzw-nord
      type: area
      name: Gebiet 4300 Nord / Hochfeld
      subtext: Gebiet / Gruppe von Gebäuden
  n_visible: 5
  estimatedTotalHits: "[estimatedTotalHits]"
- facet: buildings
  entries:
    - id: "4277"
      type: building
      name: Forstwissenschaften
      subtext: Gebäude
    - id: "4224"
      type: building
      name: ZIEL IV - Biowissenschaften
      subtext: Gebäude
    - id: "4101"
      type: building
      name: Verwaltung / BLQ Brau- und Lebensmittelqualität
      subtext: Gebäude
    - id: "4213"
      type: building
      name: Lebensmitteltechnikum
      subtext: Gebäude
    - id: "4217"
      type: building
      name: Pflanzenproduktion 1
      subtext: Gebäude
  n_visible: 5
  estimatedTotalHits: "[estimatedTotalHits]"
- facet: rooms
  entries: []
  n_visible: 0
  estimatedTotalHits: "[estimatedTotalHits]"
- facet: pois
  entries: []
  n_visible: 0
  estimatedTotalHits: "[estimatedTotalHits]"
