---
source: server/src/search_executor/mod.rs
description: the 0.5 federation weight demotes the lecture below a building even when the lecture is the stronger raw match
expression: results.0
info: q=Quantenrobotik Praktikum
---
- facet: buildings
  entries:
    - id: QRZ
      type: building
      name: "\u0019Quantenrobotik\u0017"
      subtext: Gebäude
  n_visible: 1
  estimatedTotalHits: "[estimatedTotalHits]"
- facet: lectures
  entries:
    - id: lecture_testfixture0001
      name: "\u0019Quantenrobotik\u0017 \u0019Praktikum\u0017"
      subtext: Vorlesung
      title_de: Quantenrobotik Praktikum
      title_en: Quantum Robotics Lab
      next_occurrence_at: "2024-10-15T08:00:00Z"
      upcoming:
        - start_at: "2024-10-15T08:00:00Z"
          end_at: "2024-10-15T10:00:00Z"
          room_code: 5606.EG.011
          room_name: Testhörsaal
  n_visible: 1
  estimatedTotalHits: "[estimatedTotalHits]"
- facet: sites
  entries: []
  n_visible: 0
  estimatedTotalHits: "[estimatedTotalHits]"
- facet: rooms
  entries: []
  n_visible: 0
  estimatedTotalHits: "[estimatedTotalHits]"
- facet: pois
  entries: []
  n_visible: 0
  estimatedTotalHits: "[estimatedTotalHits]"
