---
source: server/src/routes/feedback/proposed_edits/addition/poi.rs
expression: yaml
---
existing-poi:
  parent: x
  name: x
  usage:
    name: x
validierungsautomat-99:
  parent: 5101.EG.917
  name: Validierungsautomat 99
  usage:
    name: Validierungsautomat
  coords:
    lat: 48.262
    lon: 11.668
